Application bundle generation failed. [4.822 seconds] - 2026-02-02T17:48:40.062Z

[1m[33m[33m▲ [43;33m[[43;30mWARNING[43;33m][0m [1mNG8107: The left side of this optional chain operation does not include 'null' or 'undefined' in its type, therefore the '?.' operator can be replaced with the '.' operator.[0m [1m[35m[plugin angular-compiler][0m

    src/app/features/admin/dashboard/dashboard.html:335:78:
[37m      335 │ ...black mb-2 relative z-10">{{ stats?.[32mdirectToDoTasks[37m || 0 }}</div>
          ╵                                        [32m~~~~~~~~~~~~~~~[0m

  Warning occurs in the template of component Dashboard.

    src/app/features/admin/dashboard/dashboard.ts:12:15:
[37m      12 │   templateUrl: [32m'./dashboard.html'[37m,
         ╵                [32m~~~~~~~~~~~~~~~~~~[0m


[33m▲ [43;33m[[43;30mWARNING[43;33m][0m [1mNG8113: TranslatePipe is not used within the template of ComplaintDetailComponent[0m [1m[35m[plugin angular-compiler][0m

    src/app/features/complaints/complaint-detail/complaint-detail.component.ts:13:55:
[37m      13 │ ...imports: [CommonModule, FormsModule, RouterModule, [32mTranslatePipe[37m],
         ╵                                                       [32m~~~~~~~~~~~~~[0m


[33m▲ [43;33m[[43;30mWARNING[43;33m][0m [1mNG8113: BaseChartDirective is not used within the template of Dashboard[0m [1m[35m[plugin angular-compiler][0m

    src/app/features/staff/dashboard/dashboard.ts:13:41:
[37m      13 │ ...: [CommonModule, TranslatePipe, [32mBaseChartDirective[37m, RouterModule],
         ╵                                    [32m~~~~~~~~~~~~~~~~~~[0m

[39m[22m
[1m[31m[31mX [41;31m[[41;97mERROR[41;31m][0m [1mTS2551: Property 'relatedTaskTitle' does not exist on type 'Complaint'. Did you mean 'relatedTaskId'?[0m [1m[35m[plugin angular-compiler][0m

    src/app/features/complaints/complaint-detail/complaint-detail.component.html:65:37:
[37m      65 │ ...            {{ complaint.[32mrelatedTaskTitle[37m || 'View Linked Task' }}
         ╵                             [32m~~~~~~~~~~~~~~~~[0m

  Error occurs in the template of component ComplaintDetailComponent.

    src/app/features/complaints/complaint-detail/complaint-detail.component.ts:14:17:
[37m      14 │     templateUrl: [32m'./complaint-detail.component.html'[37m,
         ╵                  [32m~~~~~~~~~~~~~~~~~~~~~~~~~~~~~~~~~~~[0m


[31mX [41;31m[[41;97mERROR[41;31m][0m [1mTS2339: Property 'closeModal' does not exist on type 'TaskDetailComponent'.[0m [1m[35m[plugin angular-compiler][0m

    src/app/features/tasks/task-detail/task-detail.html:7:33:
[37m      7 │ ...          <button (click)="[32mcloseModal[37m()" class="p-2 rounded-full...
        ╵                               [32m~~~~~~~~~~[0m

  Error occurs in the template of component TaskDetailComponent.

    src/app/features/tasks/task-detail/task-detail.component.ts:14:17:
[37m      14 │     templateUrl: [32m'./task-detail.html'[37m,
         ╵                  [32m~~~~~~~~~~~~~~~~~~~~[0m

[39m[22m
